// Jest Snapshot v1, https://goo.gl/fbAQLP

exports[`Form test suite renders correctly 1`] = `
<DocumentFragment>
  <form
    class="form"
  >
    <div
      class="form__line"
    >
      <span
        class="form__label"
      />
      <div
        class="form__input-container"
      >
        <input
          id="githubAccount"
          name="githubAccount"
          value="test"
        />
        <span
          class="form__error-message"
        >
          erreur de saisie
        </span>
      </div>
    </div>
    <div
      class="form__line form__line--alone"
    >
      <button
        class="btn btn--search"
        data-testid="button"
      >
        Rechercher
      </button>
    </div>
  </form>
  <div
    class="user-list"
    data-testid="userlist"
  >
    <div
      class="user-card"
      data-testid="usercard"
    >
      <a
        class="user-card__link"
        href="http://comptegithub.com"
      >
        <img
          alt="login1"
          class="user-card__avatar"
          src="http://avatar1.jpg"
        />
        <span
          class="user-card__login"
        >
          login1
        </span>
      </a>
    </div>
    <div
      class="user-card"
      data-testid="usercard"
    >
      <a
        class="user-card__link"
        href="http://comptegithub.com"
      >
        <img
          alt="login2"
          class="user-card__avatar"
          src="http://avatar2.jpg"
        />
        <span
          class="user-card__login"
        >
          login2
        </span>
      </a>
    </div>
    <div
      class="user-card"
      data-testid="usercard"
    >
      <a
        class="user-card__link"
        href="http://comptegithub.com"
      >
        <img
          alt="login3"
          class="user-card__avatar"
          src="http://avatar3.jpg"
        />
        <span
          class="user-card__login"
        >
          login3
        </span>
      </a>
    </div>
  </div>
</DocumentFragment>
`;
